// Vitest Snapshot v1, https://vitest.dev/guide/snapshot.html

exports[`createMap3D clicks and camera > flies on the keys: orbit, pan and forward 1`] = `
[
  28.342,
  -149.446,
  -614.679,
  -2.336,
  -193.367,
  -722.056,
]
`;

exports[`createMap3D clicks and camera > swoops in, and focuses a term on request 1`] = `
[
  "[{"x":1135.0592349251772,"y":2467.690217235098,"z":3027.209300467975},{"x":-0.04553498367205577,"y":8.296549099257838,"z":0.2632473777100639},null]",
  "[{"x":-0.04553498367205577,"y":812.3290944513593,"z":1655.6243701614485},{"x":-0.04553498367205577,"y":8.296549099257838,"z":0.2632473777100639},2200]",
  "[{"x":1073.6795941652385,"y":165.0289991033789,"z":28.724695411017045},{"x":813.7725917693642,"y":35.028999103378915,"z":21.771271391799825},1200]",
]
`;

exports[`createMap3D hover > lights a hovered neighbourhood after the hover delay 1`] = `
{
  "arrows": [
    5,
    0,
    5,
    0,
    0,
    0,
    0,
    0,
  ],
  "background": "#05060b",
  "blending": [
    2,
    2,
    2,
  ],
  "flow": {
    "colours": [
      1.351,
      0.729,
      0.025,
      0.743,
      0.401,
      0.014,
      0.405,
      0.219,
      0.007,
      0.189,
      0.102,
      0.003,
      0.077,
      0.023,
      0.004,
      0.042,
      0.013,
      0.002,
      0.023,
      0.007,
      0.001,
      0.011,
      0.003,
      0.001,
      1.351,
      0.729,
      0.025,
      0.743,
      0.401,
      0.014,
      0.405,
      0.219,
      0.007,
      0.189,
      0.102,
      0.003,
      0.024,
      0.029,
      0.038,
      0.013,
      0.016,
      0.021,
      0.007,
      0.009,
      0.012,
      0.003,
      0.004,
      0.005,
      0.077,
      0.023,
      0.004,
      0.042,
      0.013,
      0.002,
      0.023,
      0.007,
      0.001,
      0.011,
      0.003,
      0.001,
      0.077,
      0.042,
      0.001,
      0.042,
      0.023,
      0.001,
      0.023,
      0.013,
      0,
      0.011,
      0.006,
      0,
      0.024,
      0.029,
      0.038,
      0.013,
      0.016,
      0.021,
      0.007,
      0.009,
      0.012,
      0.003,
      0.004,
      0.005,
    ],
    "count": 28,
    "positions": [
      669.911,
      63.19,
      1.289,
      679.89,
      63.717,
      3.599,
      689.869,
      64.244,
      5.942,
      699.847,
      64.772,
      8.318,
      911.752,
      -3.25,
      -35.144,
      904.633,
      -0.049,
      -28.587,
      897.318,
      3.152,
      -22.359,
      889.807,
      6.353,
      -16.458,
      -779.152,
      -47.955,
      3.028,
      -771.17,
      -41.943,
      2.113,
      -763.182,
      -35.931,
      1.766,
      -755.189,
      -29.919,
      1.985,
      -915.111,
      40.872,
      -2.209,
      -924.593,
      41.997,
      -5.179,
      -933.838,
      43.123,
      -8.931,
      -942.844,
      44.248,
      -13.465,
      771.372,
      45.689,
      7.515,
      761.889,
      48.871,
      8.656,
      752.353,
      52.052,
      9.587,
      742.766,
      55.234,
      10.308,
      -807.108,
      -54.812,
      8.386,
      -815.475,
      -49.04,
      9.112,
      -823.804,
      -43.269,
      9.579,
      -832.094,
      -37.497,
      9.788,
      817.708,
      12.498,
      23.636,
      808.765,
      16.973,
      23.695,
      799.819,
      21.448,
      23.549,
      790.87,
      25.922,
      23.198,
    ],
    "sizes": [
      18.2,
      14.105,
      11.83,
      10.374,
      14,
      10.85,
      9.1,
      7.98,
      18.2,
      14.105,
      11.83,
      10.374,
      14,
      10.85,
      9.1,
      7.98,
      14,
      10.85,
      9.1,
      7.98,
      14,
      10.85,
      9.1,
      7.98,
      14,
      10.85,
      9.1,
      7.98,
    ],
  },
  "fog": "05060b",
  "glow": [
    0.02,
    0.02,
    0.03,
    0.02,
    0.02,
    0.03,
    0.078,
    0.319,
    0.855,
    0.02,
    0.02,
    0.03,
    0.078,
    0.319,
    0.855,
    0.078,
    0.319,
    0.855,
    0.02,
    0.02,
    0.03,
    0.02,
    0.02,
    0.03,
  ],
  "linkColor": [
    "rgba(251,191,36,0.9)",
    "rgba(251,146,60,0.9)",
    "rgba(251,191,36,0.9)",
    "rgba(148,163,184,0.9)",
    "rgba(125,211,252,0.9)",
    "rgba(251,146,60,0.9)",
    "rgba(251,191,36,0.9)",
    "rgba(148,163,184,0.9)",
  ],
  "linkVisibility": [
    true,
    false,
    true,
    false,
    false,
    false,
    false,
    false,
  ],
  "nodeColor": [
    "rgba(70,74,90,0.25)",
    "rgba(70,74,90,0.25)",
    "#ee4f5c",
    "rgba(70,74,90,0.25)",
    "#4f99ee",
    "#4f99ee",
    "rgba(70,74,90,0.25)",
    "rgba(70,74,90,0.25)",
  ],
  "nodeVisibility": [
    true,
    true,
    true,
    true,
    true,
    true,
    true,
    true,
  ],
  "sprites": [
    {
      "art": [
        84,
        64,
        "fill THREAT @42,32 font=600 44px system-ui, sans-serif fill=#e5e7eb stroke=undefined shadow=rgba(0,0,0,0.95)",
      ],
      "at": [
        915.948,
        31.461,
        -39.254,
      ],
      "center": [
        0.5,
        0.5,
      ],
      "opacity": 0.12,
      "order": 0,
      "scale": [
        31.5,
        24,
        1,
      ],
      "visible": true,
    },
    {
      "art": [
        54,
        64,
        "fill CIA @27,32 font=600 44px system-ui, sans-serif fill=#e5e7eb stroke=undefined shadow=rgba(0,0,0,0.95)",
      ],
      "at": [
        920.837,
        -2.891,
        8.056,
      ],
      "center": [
        0.5,
        0.5,
      ],
      "opacity": 0.12,
      "order": 0,
      "scale": [
        20.25,
        24,
        1,
      ],
      "visible": true,
    },
    {
      "art": [
        44,
        64,
        "fill IP @22,32 font=600 44px system-ui, sans-serif fill=#e5e7eb stroke=undefined shadow=rgba(0,0,0,0.95)",
      ],
      "at": [
        -797.231,
        -33.504,
        7.206,
      ],
      "center": [
        0.5,
        0.5,
      ],
      "opacity": 1,
      "order": 0,
      "scale": [
        16.5,
        24,
        1,
      ],
      "visible": true,
    },
    {
      "art": [
        84,
        64,
        "fill KERNEL @42,32 font=600 44px system-ui, sans-serif fill=#e5e7eb stroke=undefined shadow=rgba(0,0,0,0.95)",
      ],
      "at": [
        -890.003,
        64.263,
        1.818,
      ],
      "center": [
        0.5,
        0.5,
      ],
      "opacity": 0.12,
      "order": 0,
      "scale": [
        31.5,
        24,
        1,
      ],
      "visible": true,
    },
    {
      "art": [
        54,
        64,
        "fill TCP @27,32 font=600 44px system-ui, sans-serif fill=#e5e7eb stroke=undefined shadow=rgba(0,0,0,0.95)",
      ],
      "at": [
        -729.625,
        15.235,
        6.484,
      ],
      "center": [
        0.5,
        0.5,
      ],
      "opacity": 1,
      "order": 0,
      "scale": [
        20.25,
        24,
        1,
      ],
      "visible": true,
    },
    {
      "art": [
        104,
        64,
        "fill FIREWALL @52,32 font=600 44px system-ui, sans-serif fill=#e5e7eb stroke=undefined shadow=rgba(0,0,0,0.95)",
      ],
      "at": [
        711.777,
        90.737,
        11.203,
      ],
      "center": [
        0.5,
        0.5,
      ],
      "opacity": 1,
      "order": 0,
      "scale": [
        39,
        24,
        1,
      ],
      "visible": true,
    },
    {
      "art": [
        54,
        64,
        "fill MFA @27,32 font=600 44px system-ui, sans-serif fill=#e5e7eb stroke=undefined shadow=rgba(0,0,0,0.95)",
      ],
      "at": [
        813.773,
        60.364,
        21.771,
      ],
      "center": [
        0.5,
        0.5,
      ],
      "opacity": 0.12,
      "order": 0,
      "scale": [
        20.25,
        24,
        1,
      ],
      "visible": true,
    },
    {
      "art": [
        94,
        64,
        "fill PROCESS @47,32 font=600 44px system-ui, sans-serif fill=#e5e7eb stroke=undefined shadow=rgba(0,0,0,0.95)",
      ],
      "at": [
        -945.84,
        69.963,
        -15.177,
      ],
      "center": [
        0.5,
        0.5,
      ],
      "opacity": 0.12,
      "order": 0,
      "scale": [
        35.25,
        24,
        1,
      ],
      "visible": true,
    },
    {
      "art": [
        120,
        160,
        "fill Security @60,80 font=700 120px system-ui, sans-serif fill=#ee4f5c stroke=undefined shadow=undefined",
      ],
      "at": [
        840.584,
        120.402,
        0.444,
      ],
      "center": [
        0.5,
        0.5,
      ],
      "opacity": 0.091,
      "order": -1,
      "scale": [
        82.5,
        110,
        1,
      ],
      "visible": true,
    },
    {
      "art": [
        200,
        160,
        "fill Computer science @100,80 font=700 120px system-ui, sans-serif fill=#4f99ee stroke=undefined shadow=undefined",
      ],
      "at": [
        -840.675,
        99.629,
        0.082,
      ],
      "center": [
        0.5,
        0.5,
      ],
      "opacity": 0.091,
      "order": -1,
      "scale": [
        137.5,
        110,
        1,
      ],
      "visible": true,
    },
    {
      "art": [
        126,
        51,
        "stroke required by @63,25.5 font=500 36px system-ui, sans-serif fill=undefined stroke=#0a0a0a shadow=undefined",
        "fill required by @63,25.5 font=500 36px system-ui, sans-serif fill=#e5e7eb stroke=#0a0a0a shadow=undefined",
      ],
      "at": [
        -8.64,
        27.34,
        -77.761,
      ],
      "center": [
        0.5,
        -0.25,
      ],
      "opacity": 1,
      "order": 4,
      "scale": [
        0.046,
        0.019,
        1,
      ],
      "visible": true,
    },
    {
      "art": [
        96,
        51,
        "stroke requires @48,25.5 font=500 36px system-ui, sans-serif fill=undefined stroke=#0a0a0a shadow=undefined",
        "fill requires @48,25.5 font=500 36px system-ui, sans-serif fill=#e5e7eb stroke=#0a0a0a shadow=undefined",
      ],
      "at": [
        -763.482,
        -36.157,
        1.768,
      ],
      "center": [
        0.5,
        -0.25,
      ],
      "opacity": 1,
      "order": 4,
      "scale": [
        0.035,
        0.019,
        1,
      ],
      "visible": true,
    },
  ],
  "uniforms": [
    0,
    0.5,
  ],
  "web": [
    [
      0,
      0,
      0,
    ],
    [
      0.017,
      0,
      0.002,
    ],
    [
      0,
      0,
      0,
    ],
    [
      0.005,
      0.012,
      0.017,
    ],
    [
      0.017,
      0.002,
      0.006,
    ],
    [
      0.017,
      0,
      0.002,
    ],
    [
      0.005,
      0.012,
      0.017,
    ],
    [
      0.017,
      0,
      0.002,
    ],
  ],
}
`;

exports[`createMap3D hover > previews a hovered term over a selection 1`] = `
[
  false,
  false,
  false,
  true,
  false,
  true,
  false,
  true,
]
`;

exports[`createMap3D hover > shows the name of the link under the pointer first 1`] = `
[
  {
    "art": [
      136,
      51,
      "stroke mitigated-by @68,25.5 font=500 36px system-ui, sans-serif fill=undefined stroke=#0a0a0a shadow=undefined",
      "fill mitigated-by @68,25.5 font=500 36px system-ui, sans-serif fill=#e5e7eb stroke=#0a0a0a shadow=undefined",
    ],
    "at": [
      868.725,
      14.925,
      -2.271,
    ],
    "center": [
      0.5,
      -0.25,
    ],
    "opacity": 1,
    "order": 4,
    "scale": [
      0.05,
      0.019,
      1,
    ],
    "visible": true,
  },
  {
    "art": [
      106,
      51,
      "stroke used-with @53,25.5 font=500 36px system-ui, sans-serif fill=undefined stroke=#0a0a0a shadow=undefined",
      "fill used-with @53,25.5 font=500 36px system-ui, sans-serif fill=#e5e7eb stroke=#0a0a0a shadow=undefined",
    ],
    "at": [
      921.883,
      -22.197,
      -15.96,
    ],
    "center": [
      0.5,
      -0.25,
    ],
    "opacity": 1,
    "order": 4,
    "scale": [
      0.039,
      0.019,
      1,
    ],
    "visible": true,
  },
  {
    "art": [
      136,
      51,
      "stroke mitigated-by @68,25.5 font=500 36px system-ui, sans-serif fill=undefined stroke=#0a0a0a shadow=undefined",
      "fill mitigated-by @68,25.5 font=500 36px system-ui, sans-serif fill=#e5e7eb stroke=#0a0a0a shadow=undefined",
    ],
    "at": [
      817.056,
      30.112,
      -1.104,
    ],
    "center": [
      0.5,
      -0.25,
    ],
    "opacity": 1,
    "order": 4,
    "scale": [
      0.05,
      0.019,
      1,
    ],
    "visible": true,
  },
]
`;

exports[`createMap3D motion > reveals switched-on links a batch per frame, and moves the comets 1`] = `
[
  [
    0.173,
    0.004,
    0.018,
  ],
  [
    0.173,
    0.004,
    0.018,
  ],
  [
    0.016,
    0.129,
    0.168,
  ],
  [
    0.054,
    0.119,
    0.166,
  ],
  [
    0.168,
    0.016,
    0.061,
  ],
  [
    0.173,
    0.004,
    0.018,
  ],
  [
    0.054,
    0.119,
    0.166,
  ],
  [
    0.173,
    0.004,
    0.018,
  ],
]
`;

exports[`createMap3D motion > reveals switched-on links a batch per frame, and moves the comets 2`] = `
[
  542.132,
  56.437,
  -25.347,
  552.112,
  56.964,
  -23.463,
  562.092,
  57.491,
  -21.546,
  572.072,
  58.019,
  -19.595,
  913.448,
  -4.025,
  -36.782,
  906.376,
  -0.824,
  -30.146,
  899.109,
  2.376,
  -23.838,
  891.645,
  5.577,
  -17.858,
  -746.249,
  -23.201,
  2.902,
  -738.242,
  -17.189,
  4.322,
  -730.23,
  -11.177,
  6.31,
  -729.625,
  -10.723,
  6.484,
  -904.833,
  39.683,
  0.08,
  -914.567,
  40.808,
  -2.064,
  -924.063,
  41.934,
  -4.99,
  -933.321,
  43.059,
  -8.698,
  888.216,
  4.951,
  -25.659,
  879.397,
  8.133,
  -21.829,
  870.527,
  11.314,
  -18.208,
  861.604,
  14.496,
  -14.798,
  -853.457,
  -22.497,
  9.126,
  -861.607,
  -16.725,
  8.407,
  -869.718,
  -10.953,
  7.43,
  -877.79,
  -5.181,
  6.196,
  722.976,
  59.819,
  13.87,
  714,
  64.294,
  11.758,
  711.777,
  65.402,
  11.203,
  711.777,
  65.402,
  11.203,
]
`;
